// Jest Snapshot v1, https://goo.gl/fbAQLP

exports[`EditExpensePage Rendering:  should render the EditExpense page correctly 1`] = `
<div>
  <ExpenseForm
    buttonText="Update Expense"
    expense={
      Object {
        "amount": 4500,
        "createdAt": 345600000,
        "description": "Credit Card",
        "id": "3",
        "note": "How much???",
      }
    }
    onSubmit={[Function]}
  />
  <button
    onClick={[Function]}
  >
     Remove Expense
  </button>
</div>
`;
