// Jest Snapshot v1, https://goo.gl/fbAQLP

exports[`Render ExpenseListItem should render an ExpenseListItem 1`] = `
<Link
  className="list-item"
  to="/edit/1"
>
  <div>
    <h3
      className="list-item__title"
    >
      Gum
    </h3>
    <span
      className="list-item__subtitle"
    >
      01-Jan-1970
    </span>
  </div>
  <div
    className="list-item__data"
  >
    Â£
    1.95
  </div>
</Link>
`;
