// Jest Snapshot v1, https://goo.gl/fbAQLP

exports[`Render Login Page: should render the login page correctly 1`] = `
<div
  className="box-layout"
>
  <div
    className="box-layout__box"
  >
    <h1
      className="box-layout__title"
    >
      Expensologist
    </h1>
    <p>
      React.js Demo App - Expenses Manager
    </p>
    <button
      className="button"
      onClick={[MockFunction]}
    >
      Log In with Google
    </button>
    <Link
      className="small-link"
      to="/about"
    >
      about this site ...
    </Link>
  </div>
</div>
`;
