// Jest Snapshot v1, https://goo.gl/fbAQLP

exports[`Render Not Found Page should render Not Found Page correctly 1`] = `
<div>
  404 - 
  <Link
    to="/"
  >
    Go to Home
  </Link>
</div>
`;
